<?xml version="1.0" encoding="UTF-8"?>
<testsuites name="jest tests" tests="16" failures="0" errors="0" time="15.013">
  <testsuite name="Render Performance Tests" errors="0" failures="0" skipped="0" timestamp="2025-10-09T21:06:43" time="14.864" tests="16">
    <testcase classname="Render Performance Tests Individual Component Rendering should render simple menu within performance thresholds" name="Render Performance Tests Individual Component Rendering should render simple menu within performance thresholds" time="0.012">
    </testcase>
    <testcase classname="Render Performance Tests Individual Component Rendering should render complex menu with icons and descriptions" name="Render Performance Tests Individual Component Rendering should render complex menu with icons and descriptions" time="0.067">
    </testcase>
    <testcase classname="Render Performance Tests Individual Component Rendering should render data tables efficiently" name="Render Performance Tests Individual Component Rendering should render data tables efficiently" time="0.075">
    </testcase>
    <testcase classname="Render Performance Tests Individual Component Rendering should render progress bars quickly" name="Render Performance Tests Individual Component Rendering should render progress bars quickly" time="0.019">
    </testcase>
    <testcase classname="Render Performance Tests Individual Component Rendering should render code blocks with syntax highlighting" name="Render Performance Tests Individual Component Rendering should render code blocks with syntax highlighting" time="0.021">
    </testcase>
    <testcase classname="Render Performance Tests Batch Rendering Performance should render multiple components efficiently in batch" name="Render Performance Tests Batch Rendering Performance should render multiple components efficiently in batch" time="0.028">
    </testcase>
    <testcase classname="Render Performance Tests Batch Rendering Performance should handle large batch renders without blocking" name="Render Performance Tests Batch Rendering Performance should handle large batch renders without blocking" time="0.107">
    </testcase>
    <testcase classname="Render Performance Tests Caching Performance should improve performance with caching" name="Render Performance Tests Caching Performance should improve performance with caching" time="0.017">
    </testcase>
    <testcase classname="Render Performance Tests Caching Performance should track cache hit rates" name="Render Performance Tests Caching Performance should track cache hit rates" time="0.002">
    </testcase>
    <testcase classname="Render Performance Tests Performance Benchmarking should benchmark menu rendering performance" name="Render Performance Tests Performance Benchmarking should benchmark menu rendering performance" time="1.422">
    </testcase>
    <testcase classname="Render Performance Tests Performance Benchmarking should benchmark table rendering with different sizes" name="Render Performance Tests Performance Benchmarking should benchmark table rendering with different sizes" time="9.747">
    </testcase>
    <testcase classname="Render Performance Tests Performance Benchmarking should maintain consistent performance over time" name="Render Performance Tests Performance Benchmarking should maintain consistent performance over time" time="2.425">
    </testcase>
    <testcase classname="Render Performance Tests Performance Regression Detection should detect performance regressions" name="Render Performance Tests Performance Regression Detection should detect performance regressions" time="0.122">
    </testcase>
    <testcase classname="Render Performance Tests Performance Regression Detection should provide performance metrics for monitoring" name="Render Performance Tests Performance Regression Detection should provide performance metrics for monitoring" time="0.02">
    </testcase>
    <testcase classname="Render Performance Tests Memory Performance should not leak memory during repeated renders" name="Render Performance Tests Memory Performance should not leak memory during repeated renders" time="0.011">
    </testcase>
    <testcase classname="Render Performance Tests Memory Performance should manage render history efficiently" name="Render Performance Tests Memory Performance should manage render history efficiently" time="0.381">
    </testcase>
  </testsuite>
</testsuites>